[info] host=cpu040
[info] job_id=63923168
[info] python=/work/pi_annagreen_umass_edu/saishradha/miniconda3/envs/cnn/bin/python
[info] parameter_file=/project/pi_annagreen_umass_edu/saishradha/.worktrees/sdcnn-lineage-aware-split-regression/lineage_aware_interpretability_branch.yaml
[info] cpu_only=1
=== AMIKACIN ===
AMIKACIN: eligible lineages = ['2', '4']; training output = /project/pi_annagreen_umass_edu/saishradha/Data-Curation-for-MTB/dna-tasks/SD-CNN/model_training/training_output/lineage_aware_split/AMIKACIN
Combined DataFrame shape: (17942, 43)
Loading cached input tensor from /project/pi_annagreen_umass_edu/saishradha/project_data_curation/benchmarking/SD-CNN/model_training/pickle_files/AMI_ccp_80/AMI_X_sparse.npz
Loaded 267 deduplicated rows from /project/pi_annagreen_umass_edu/saishradha/Data-Curation-for-MTB/dna-tasks/SD-CNN/interpretability/lineage_aware_split/outputs/dedup_geno_data/AMIKACIN_full_dedup_indices.npy
AMIKACIN: interpreting 267 deduplicated labelled isolates
AMIKACIN: found 4 resistant WHO features
AMIKACIN lineage 2: interpreting /project/pi_annagreen_umass_edu/saishradha/Data-Curation-for-MTB/dna-tasks/SD-CNN/model_training/training_output/lineage_aware_split/AMIKACIN/heldout_lineage_2/saved_model/sd-cnn_model_lineage_holdout.h5
Loading matching SHAP summary cache from /project/pi_annagreen_umass_edu/saishradha/Data-Curation-for-MTB/dna-tasks/SD-CNN/interpretability/lineage_aware_split/outputs/shap_values/AMIKACIN/heldout_lineage_2/mean_abs_shap.csv
AMIKACIN lineage 4: interpreting /project/pi_annagreen_umass_edu/saishradha/Data-Curation-for-MTB/dna-tasks/SD-CNN/model_training/training_output/lineage_aware_split/AMIKACIN/heldout_lineage_4/saved_model/sd-cnn_model_lineage_holdout.h5
Loading matching SHAP summary cache from /project/pi_annagreen_umass_edu/saishradha/Data-Curation-for-MTB/dna-tasks/SD-CNN/interpretability/lineage_aware_split/outputs/shap_values/AMIKACIN/heldout_lineage_4/mean_abs_shap.csv
Saved lineage-level MAP/MAR metrics to /project/pi_annagreen_umass_edu/saishradha/Data-Curation-for-MTB/dna-tasks/SD-CNN/interpretability/lineage_aware_split/outputs/map_mar/map_mar_AMIKACIN_by_lineage.csv
Saved mean MAP/MAR metrics to /project/pi_annagreen_umass_edu/saishradha/Data-Curation-for-MTB/dna-tasks/SD-CNN/interpretability/lineage_aware_split/outputs/map_mar/map_mar_AMIKACIN_mean.csv
=== CAPREOMYCIN ===
CAPREOMYCIN: eligible lineages = ['2', '4']; training output = /project/pi_annagreen_umass_edu/saishradha/Data-Curation-for-MTB/dna-tasks/SD-CNN/model_training/training_output/lineage_aware_split/CAPREOMYCIN
Combined DataFrame shape: (17942, 45)
Loading cached input tensor from /project/pi_annagreen_umass_edu/saishradha/project_data_curation/benchmarking/SD-CNN/model_training/pickle_files/CAP_ccp_120/CAP_X_sparse.npz
Deduplicated 3854 -> 363 rows and saved /project/pi_annagreen_umass_edu/saishradha/Data-Curation-for-MTB/dna-tasks/SD-CNN/interpretability/lineage_aware_split/outputs/dedup_geno_data/CAPREOMYCIN_full_dedup_indices.npy
CAPREOMYCIN: interpreting 363 deduplicated labelled isolates
CAPREOMYCIN: found 29 resistant WHO features
CAPREOMYCIN lineage 2: interpreting /project/pi_annagreen_umass_edu/saishradha/Data-Curation-for-MTB/dna-tasks/SD-CNN/model_training/training_output/lineage_aware_split/CAPREOMYCIN/heldout_lineage_2/saved_model/sd-cnn_model_lineage_holdout.h5
  SHAP samples 1-128 of 291
  SHAP samples 129-256 of 291
  SHAP samples 257-291 of 291
CAPREOMYCIN lineage 4: interpreting /project/pi_annagreen_umass_edu/saishradha/Data-Curation-for-MTB/dna-tasks/SD-CNN/model_training/training_output/lineage_aware_split/CAPREOMYCIN/heldout_lineage_4/saved_model/sd-cnn_model_lineage_holdout.h5
  SHAP samples 1-128 of 291
  SHAP samples 129-256 of 291
  SHAP samples 257-291 of 291
Saved lineage-level MAP/MAR metrics to /project/pi_annagreen_umass_edu/saishradha/Data-Curation-for-MTB/dna-tasks/SD-CNN/interpretability/lineage_aware_split/outputs/map_mar/map_mar_CAPREOMYCIN_by_lineage.csv
Saved mean MAP/MAR metrics to /project/pi_annagreen_umass_edu/saishradha/Data-Curation-for-MTB/dna-tasks/SD-CNN/interpretability/lineage_aware_split/outputs/map_mar/map_mar_CAPREOMYCIN_mean.csv
=== ETHAMBUTOL ===
ETHAMBUTOL: eligible lineages = ['1', '2', '3', '4']; training output = /project/pi_annagreen_umass_edu/saishradha/Data-Curation-for-MTB/dna-tasks/SD-CNN/model_training/training_output/lineage_aware_split/ETHAMBUTOL
Combined DataFrame shape: (17942, 45)
Loading cached input tensor from /project/pi_annagreen_umass_edu/saishradha/project_data_curation/benchmarking/SD-CNN/model_training/pickle_files/EMB_ccp_80/EMB_X_sparse.npz
Deduplicated 15111 -> 2381 rows and saved /project/pi_annagreen_umass_edu/saishradha/Data-Curation-for-MTB/dna-tasks/SD-CNN/interpretability/lineage_aware_split/outputs/dedup_geno_data/ETHAMBUTOL_full_dedup_indices.npy
ETHAMBUTOL: interpreting 2381 deduplicated labelled isolates
ETHAMBUTOL: found 9 resistant WHO features
ETHAMBUTOL lineage 1: interpreting /project/pi_annagreen_umass_edu/saishradha/Data-Curation-for-MTB/dna-tasks/SD-CNN/model_training/training_output/lineage_aware_split/ETHAMBUTOL/heldout_lineage_1/saved_model/sd-cnn_model_lineage_holdout.h5
  SHAP samples 1-128 of 2221
  SHAP samples 129-256 of 2221
  SHAP samples 257-384 of 2221
  SHAP samples 385-512 of 2221
  SHAP samples 513-640 of 2221
  SHAP samples 641-768 of 2221
  SHAP samples 769-896 of 2221
  SHAP samples 897-1024 of 2221
  SHAP samples 1025-1152 of 2221
  SHAP samples 1153-1280 of 2221
  SHAP samples 1281-1408 of 2221
  SHAP samples 1409-1536 of 2221
  SHAP samples 1537-1664 of 2221
  SHAP samples 1665-1792 of 2221
  SHAP samples 1793-1920 of 2221
  SHAP samples 1921-2048 of 2221
  SHAP samples 2049-2176 of 2221
  SHAP samples 2177-2221 of 2221
ETHAMBUTOL lineage 2: interpreting /project/pi_annagreen_umass_edu/saishradha/Data-Curation-for-MTB/dna-tasks/SD-CNN/model_training/training_output/lineage_aware_split/ETHAMBUTOL/heldout_lineage_2/saved_model/sd-cnn_model_lineage_holdout.h5
  SHAP samples 1-128 of 2221
  SHAP samples 129-256 of 2221
  SHAP samples 257-384 of 2221
  SHAP samples 385-512 of 2221
  SHAP samples 513-640 of 2221
  SHAP samples 641-768 of 2221
  SHAP samples 769-896 of 2221
  SHAP samples 897-1024 of 2221
  SHAP samples 1025-1152 of 2221
  SHAP samples 1153-1280 of 2221
  SHAP samples 1281-1408 of 2221
  SHAP samples 1409-1536 of 2221
  SHAP samples 1537-1664 of 2221
  SHAP samples 1665-1792 of 2221
  SHAP samples 1793-1920 of 2221
  SHAP samples 1921-2048 of 2221
  SHAP samples 2049-2176 of 2221
  SHAP samples 2177-2221 of 2221
ETHAMBUTOL lineage 3: interpreting /project/pi_annagreen_umass_edu/saishradha/Data-Curation-for-MTB/dna-tasks/SD-CNN/model_training/training_output/lineage_aware_split/ETHAMBUTOL/heldout_lineage_3/saved_model/sd-cnn_model_lineage_holdout.h5
  SHAP samples 1-128 of 2221
  SHAP samples 129-256 of 2221
  SHAP samples 257-384 of 2221
  SHAP samples 385-512 of 2221
  SHAP samples 513-640 of 2221
  SHAP samples 641-768 of 2221
  SHAP samples 769-896 of 2221
  SHAP samples 897-1024 of 2221
  SHAP samples 1025-1152 of 2221
  SHAP samples 1153-1280 of 2221
  SHAP samples 1281-1408 of 2221
  SHAP samples 1409-1536 of 2221
  SHAP samples 1537-1664 of 2221
  SHAP samples 1665-1792 of 2221
  SHAP samples 1793-1920 of 2221
  SHAP samples 1921-2048 of 2221
  SHAP samples 2049-2176 of 2221
  SHAP samples 2177-2221 of 2221
ETHAMBUTOL lineage 4: interpreting /project/pi_annagreen_umass_edu/saishradha/Data-Curation-for-MTB/dna-tasks/SD-CNN/model_training/training_output/lineage_aware_split/ETHAMBUTOL/heldout_lineage_4/saved_model/sd-cnn_model_lineage_holdout.h5
  SHAP samples 1-128 of 2221
  SHAP samples 129-256 of 2221
  SHAP samples 257-384 of 2221
  SHAP samples 385-512 of 2221
  SHAP samples 513-640 of 2221
  SHAP samples 641-768 of 2221
  SHAP samples 769-896 of 2221
  SHAP samples 897-1024 of 2221
  SHAP samples 1025-1152 of 2221
  SHAP samples 1153-1280 of 2221
  SHAP samples 1281-1408 of 2221
  SHAP samples 1409-1536 of 2221
  SHAP samples 1537-1664 of 2221
  SHAP samples 1665-1792 of 2221
  SHAP samples 1793-1920 of 2221
  SHAP samples 1921-2048 of 2221
  SHAP samples 2049-2176 of 2221
  SHAP samples 2177-2221 of 2221
Saved lineage-level MAP/MAR metrics to /project/pi_annagreen_umass_edu/saishradha/Data-Curation-for-MTB/dna-tasks/SD-CNN/interpretability/lineage_aware_split/outputs/map_mar/map_mar_ETHAMBUTOL_by_lineage.csv
Saved mean MAP/MAR metrics to /project/pi_annagreen_umass_edu/saishradha/Data-Curation-for-MTB/dna-tasks/SD-CNN/interpretability/lineage_aware_split/outputs/map_mar/map_mar_ETHAMBUTOL_mean.csv
=== ETHIONAMIDE ===
ETHIONAMIDE: eligible lineages = ['2', '4']; training output = /project/pi_annagreen_umass_edu/saishradha/Data-Curation-for-MTB/dna-tasks/SD-CNN/model_training/training_output/lineage_aware_split/ETHIONAMIDE
Combined DataFrame shape: (17942, 45)
Loading cached input tensor from /project/pi_annagreen_umass_edu/saishradha/project_data_curation/benchmarking/SD-CNN/model_training/pickle_files/ETA_ccp_100/ETA_X_sparse.npz
Deduplicated 2153 -> 466 rows and saved /project/pi_annagreen_umass_edu/saishradha/Data-Curation-for-MTB/dna-tasks/SD-CNN/interpretability/lineage_aware_split/outputs/dedup_geno_data/ETHIONAMIDE_full_dedup_indices.npy
ETHIONAMIDE: interpreting 466 deduplicated labelled isolates
ETHIONAMIDE: found 198 resistant WHO features
ETHIONAMIDE lineage 2: interpreting /project/pi_annagreen_umass_edu/saishradha/Data-Curation-for-MTB/dna-tasks/SD-CNN/model_training/training_output/lineage_aware_split/ETHIONAMIDE/heldout_lineage_2/saved_model/sd-cnn_model_lineage_holdout.h5
  SHAP samples 1-128 of 373
  SHAP samples 129-256 of 373
  SHAP samples 257-373 of 373
ETHIONAMIDE lineage 4: interpreting /project/pi_annagreen_umass_edu/saishradha/Data-Curation-for-MTB/dna-tasks/SD-CNN/model_training/training_output/lineage_aware_split/ETHIONAMIDE/heldout_lineage_4/saved_model/sd-cnn_model_lineage_holdout.h5
  SHAP samples 1-128 of 373
  SHAP samples 129-256 of 373
  SHAP samples 257-373 of 373
Saved lineage-level MAP/MAR metrics to /project/pi_annagreen_umass_edu/saishradha/Data-Curation-for-MTB/dna-tasks/SD-CNN/interpretability/lineage_aware_split/outputs/map_mar/map_mar_ETHIONAMIDE_by_lineage.csv
Saved mean MAP/MAR metrics to /project/pi_annagreen_umass_edu/saishradha/Data-Curation-for-MTB/dna-tasks/SD-CNN/interpretability/lineage_aware_split/outputs/map_mar/map_mar_ETHIONAMIDE_mean.csv
=== ISONIAZID ===
ISONIAZID: available output aliases (INH=1786240226, ISONIAZID=1784126178); selected INH
ISONIAZID: eligible lineages = ['1', '2', '3', '4']; training output = /project/pi_annagreen_umass_edu/saishradha/Data-Curation-for-MTB/dna-tasks/SD-CNN/model_training/training_output/lineage_aware_split/INH
Combined DataFrame shape: (17942, 43)
Loading cached input tensor from /project/pi_annagreen_umass_edu/saishradha/project_data_curation/benchmarking/SD-CNN/model_training/pickle_files/INH_ccp_100/INH_X_sparse.npz
Deduplicated 17436 -> 1095 rows and saved /project/pi_annagreen_umass_edu/saishradha/Data-Curation-for-MTB/dna-tasks/SD-CNN/interpretability/lineage_aware_split/outputs/dedup_geno_data/ISONIAZID_full_dedup_indices.npy
ISONIAZID: interpreting 1095 deduplicated labelled isolates
ISONIAZID: found 67 resistant WHO features
ISONIAZID lineage 1: interpreting /project/pi_annagreen_umass_edu/saishradha/Data-Curation-for-MTB/dna-tasks/SD-CNN/model_training/training_output/lineage_aware_split/INH/heldout_lineage_1/saved_model/sd-cnn_model_lineage_holdout.h5
  SHAP samples 1-128 of 935
  SHAP samples 129-256 of 935
  SHAP samples 257-384 of 935
  SHAP samples 385-512 of 935
  SHAP samples 513-640 of 935
  SHAP samples 641-768 of 935
  SHAP samples 769-896 of 935
  SHAP samples 897-935 of 935
ISONIAZID lineage 2: interpreting /project/pi_annagreen_umass_edu/saishradha/Data-Curation-for-MTB/dna-tasks/SD-CNN/model_training/training_output/lineage_aware_split/INH/heldout_lineage_2/saved_model/sd-cnn_model_lineage_holdout.h5
  SHAP samples 1-128 of 935
  SHAP samples 129-256 of 935
  SHAP samples 257-384 of 935
  SHAP samples 385-512 of 935
  SHAP samples 513-640 of 935
  SHAP samples 641-768 of 935
  SHAP samples 769-896 of 935
  SHAP samples 897-935 of 935
ISONIAZID lineage 3: interpreting /project/pi_annagreen_umass_edu/saishradha/Data-Curation-for-MTB/dna-tasks/SD-CNN/model_training/training_output/lineage_aware_split/INH/heldout_lineage_3/saved_model/sd-cnn_model_lineage_holdout.h5
  SHAP samples 1-128 of 935
  SHAP samples 129-256 of 935
  SHAP samples 257-384 of 935
  SHAP samples 385-512 of 935
  SHAP samples 513-640 of 935
  SHAP samples 641-768 of 935
  SHAP samples 769-896 of 935
  SHAP samples 897-935 of 935
ISONIAZID lineage 4: interpreting /project/pi_annagreen_umass_edu/saishradha/Data-Curation-for-MTB/dna-tasks/SD-CNN/model_training/training_output/lineage_aware_split/INH/heldout_lineage_4/saved_model/sd-cnn_model_lineage_holdout.h5
  SHAP samples 1-128 of 935
  SHAP samples 129-256 of 935
  SHAP samples 257-384 of 935
  SHAP samples 385-512 of 935
  SHAP samples 513-640 of 935
  SHAP samples 641-768 of 935
  SHAP samples 769-896 of 935
  SHAP samples 897-935 of 935
Saved lineage-level MAP/MAR metrics to /project/pi_annagreen_umass_edu/saishradha/Data-Curation-for-MTB/dna-tasks/SD-CNN/interpretability/lineage_aware_split/outputs/map_mar/map_mar_ISONIAZID_by_lineage.csv
Saved mean MAP/MAR metrics to /project/pi_annagreen_umass_edu/saishradha/Data-Curation-for-MTB/dna-tasks/SD-CNN/interpretability/lineage_aware_split/outputs/map_mar/map_mar_ISONIAZID_mean.csv
=== KANAMYCIN ===
KANAMYCIN: eligible lineages = ['2', '4']; training output = /project/pi_annagreen_umass_edu/saishradha/Data-Curation-for-MTB/dna-tasks/SD-CNN/model_training/training_output/lineage_aware_split/KANAMYCIN
Combined DataFrame shape: (17942, 41)
Loading cached input tensor from /project/pi_annagreen_umass_edu/saishradha/project_data_curation/benchmarking/SD-CNN/model_training/pickle_files/KAN_ccp_100/KAN_X_sparse.npz
Deduplicated 3576 -> 163 rows and saved /project/pi_annagreen_umass_edu/saishradha/Data-Curation-for-MTB/dna-tasks/SD-CNN/interpretability/lineage_aware_split/outputs/dedup_geno_data/KANAMYCIN_full_dedup_indices.npy
KANAMYCIN: interpreting 163 deduplicated labelled isolates
KANAMYCIN: found 8 resistant WHO features
KANAMYCIN lineage 2: interpreting /project/pi_annagreen_umass_edu/saishradha/Data-Curation-for-MTB/dna-tasks/SD-CNN/model_training/training_output/lineage_aware_split/KANAMYCIN/heldout_lineage_2/saved_model/sd-cnn_model_lineage_holdout.h5
  SHAP samples 1-128 of 131
  SHAP samples 129-131 of 131
KANAMYCIN lineage 4: interpreting /project/pi_annagreen_umass_edu/saishradha/Data-Curation-for-MTB/dna-tasks/SD-CNN/model_training/training_output/lineage_aware_split/KANAMYCIN/heldout_lineage_4/saved_model/sd-cnn_model_lineage_holdout.h5
  SHAP samples 1-128 of 131
  SHAP samples 129-131 of 131
Saved lineage-level MAP/MAR metrics to /project/pi_annagreen_umass_edu/saishradha/Data-Curation-for-MTB/dna-tasks/SD-CNN/interpretability/lineage_aware_split/outputs/map_mar/map_mar_KANAMYCIN_by_lineage.csv
Saved mean MAP/MAR metrics to /project/pi_annagreen_umass_edu/saishradha/Data-Curation-for-MTB/dna-tasks/SD-CNN/interpretability/lineage_aware_split/outputs/map_mar/map_mar_KANAMYCIN_mean.csv
=== MOXIFLOXACIN ===
MOXIFLOXACIN: eligible lineages = ['2', '4']; training output = /project/pi_annagreen_umass_edu/saishradha/Data-Curation-for-MTB/dna-tasks/SD-CNN/model_training/training_output/lineage_aware_split/MOXIFLOXACIN
Combined DataFrame shape: (17942, 43)
Loading cached input tensor from /project/pi_annagreen_umass_edu/saishradha/project_data_curation/benchmarking/SD-CNN/model_training/pickle_files/MOXI_ccp_60/MOXI_X_sparse.npz
Deduplicated 2868 -> 294 rows and saved /project/pi_annagreen_umass_edu/saishradha/Data-Curation-for-MTB/dna-tasks/SD-CNN/interpretability/lineage_aware_split/outputs/dedup_geno_data/MOXIFLOXACIN_full_dedup_indices.npy
MOXIFLOXACIN: interpreting 294 deduplicated labelled isolates
MOXIFLOXACIN: found 14 resistant WHO features
MOXIFLOXACIN lineage 2: interpreting /project/pi_annagreen_umass_edu/saishradha/Data-Curation-for-MTB/dna-tasks/SD-CNN/model_training/training_output/lineage_aware_split/MOXIFLOXACIN/heldout_lineage_2/saved_model/sd-cnn_model_lineage_holdout.h5
  SHAP samples 1-128 of 236
  SHAP samples 129-236 of 236
MOXIFLOXACIN lineage 4: interpreting /project/pi_annagreen_umass_edu/saishradha/Data-Curation-for-MTB/dna-tasks/SD-CNN/model_training/training_output/lineage_aware_split/MOXIFLOXACIN/heldout_lineage_4/saved_model/sd-cnn_model_lineage_holdout.h5
  SHAP samples 1-128 of 236
  SHAP samples 129-236 of 236
Saved lineage-level MAP/MAR metrics to /project/pi_annagreen_umass_edu/saishradha/Data-Curation-for-MTB/dna-tasks/SD-CNN/interpretability/lineage_aware_split/outputs/map_mar/map_mar_MOXIFLOXACIN_by_lineage.csv
Saved mean MAP/MAR metrics to /project/pi_annagreen_umass_edu/saishradha/Data-Curation-for-MTB/dna-tasks/SD-CNN/interpretability/lineage_aware_split/outputs/map_mar/map_mar_MOXIFLOXACIN_mean.csv
=== PYRAZINAMIDE ===
PYRAZINAMIDE: eligible lineages = ['1', '2', '3', '4']; training output = /project/pi_annagreen_umass_edu/saishradha/Data-Curation-for-MTB/dna-tasks/SD-CNN/model_training/training_output/lineage_aware_split/PYRAZINAMIDE
Combined DataFrame shape: (17942, 41)
Loading cached input tensor from /project/pi_annagreen_umass_edu/saishradha/project_data_curation/benchmarking/SD-CNN/model_training/pickle_files/PZA_ccp_200/PZA_X_sparse.npz
Deduplicated 12904 -> 863 rows and saved /project/pi_annagreen_umass_edu/saishradha/Data-Curation-for-MTB/dna-tasks/SD-CNN/interpretability/lineage_aware_split/outputs/dedup_geno_data/PYRAZINAMIDE_full_dedup_indices.npy
PYRAZINAMIDE: interpreting 863 deduplicated labelled isolates
PYRAZINAMIDE: found 243 resistant WHO features
PYRAZINAMIDE lineage 1: interpreting /project/pi_annagreen_umass_edu/saishradha/Data-Curation-for-MTB/dna-tasks/SD-CNN/model_training/training_output/lineage_aware_split/PYRAZINAMIDE/heldout_lineage_1/saved_model/sd-cnn_model_lineage_holdout.h5
  SHAP samples 1-128 of 703
  SHAP samples 129-256 of 703
  SHAP samples 257-384 of 703
  SHAP samples 385-512 of 703
  SHAP samples 513-640 of 703
  SHAP samples 641-703 of 703
PYRAZINAMIDE lineage 2: interpreting /project/pi_annagreen_umass_edu/saishradha/Data-Curation-for-MTB/dna-tasks/SD-CNN/model_training/training_output/lineage_aware_split/PYRAZINAMIDE/heldout_lineage_2/saved_model/sd-cnn_model_lineage_holdout.h5
  SHAP samples 1-128 of 703
  SHAP samples 129-256 of 703
  SHAP samples 257-384 of 703
  SHAP samples 385-512 of 703
  SHAP samples 513-640 of 703
  SHAP samples 641-703 of 703
PYRAZINAMIDE lineage 3: interpreting /project/pi_annagreen_umass_edu/saishradha/Data-Curation-for-MTB/dna-tasks/SD-CNN/model_training/training_output/lineage_aware_split/PYRAZINAMIDE/heldout_lineage_3/saved_model/sd-cnn_model_lineage_holdout.h5
  SHAP samples 1-128 of 703
  SHAP samples 129-256 of 703
  SHAP samples 257-384 of 703
  SHAP samples 385-512 of 703
  SHAP samples 513-640 of 703
  SHAP samples 641-703 of 703
PYRAZINAMIDE lineage 4: interpreting /project/pi_annagreen_umass_edu/saishradha/Data-Curation-for-MTB/dna-tasks/SD-CNN/model_training/training_output/lineage_aware_split/PYRAZINAMIDE/heldout_lineage_4/saved_model/sd-cnn_model_lineage_holdout.h5
  SHAP samples 1-128 of 703
  SHAP samples 129-256 of 703
  SHAP samples 257-384 of 703
  SHAP samples 385-512 of 703
  SHAP samples 513-640 of 703
  SHAP samples 641-703 of 703
Saved lineage-level MAP/MAR metrics to /project/pi_annagreen_umass_edu/saishradha/Data-Curation-for-MTB/dna-tasks/SD-CNN/interpretability/lineage_aware_split/outputs/map_mar/map_mar_PYRAZINAMIDE_by_lineage.csv
Saved mean MAP/MAR metrics to /project/pi_annagreen_umass_edu/saishradha/Data-Curation-for-MTB/dna-tasks/SD-CNN/interpretability/lineage_aware_split/outputs/map_mar/map_mar_PYRAZINAMIDE_mean.csv
=== RIFAMPICIN ===
RIFAMPICIN: eligible lineages = ['1', '2', '3', '4']; training output = /project/pi_annagreen_umass_edu/saishradha/Data-Curation-for-MTB/dna-tasks/SD-CNN/model_training/training_output/lineage_aware_split/RIFAMPICIN
Combined DataFrame shape: (17942, 43)
Creating input tensor for RIFAMPICIN
Loci : dict_keys(['rpoB.fasta_one_hot', 'rpoC.fasta_one_hot'])
Building X for RIFAMPICIN: 17942 isolates × 2 loci × 4066 bp
Created X with shape: (17942, 5, 4066, 2)
Deduplicated 17582 -> 2385 rows and saved /project/pi_annagreen_umass_edu/saishradha/Data-Curation-for-MTB/dna-tasks/SD-CNN/interpretability/lineage_aware_split/outputs/dedup_geno_data/RIFAMPICIN_full_dedup_indices.npy
RIFAMPICIN: interpreting 2385 deduplicated labelled isolates
RIFAMPICIN: found 52 resistant WHO features
RIFAMPICIN lineage 1: interpreting /project/pi_annagreen_umass_edu/saishradha/Data-Curation-for-MTB/dna-tasks/SD-CNN/model_training/training_output/lineage_aware_split/RIFAMPICIN/heldout_lineage_1/saved_model/sd-cnn_model_lineage_holdout.h5
  SHAP samples 1-128 of 2225
  SHAP samples 129-256 of 2225
  SHAP samples 257-384 of 2225
  SHAP samples 385-512 of 2225
  SHAP samples 513-640 of 2225
  SHAP samples 641-768 of 2225
  SHAP samples 769-896 of 2225
  SHAP samples 897-1024 of 2225
  SHAP samples 1025-1152 of 2225
  SHAP samples 1153-1280 of 2225
  SHAP samples 1281-1408 of 2225
  SHAP samples 1409-1536 of 2225
  SHAP samples 1537-1664 of 2225
  SHAP samples 1665-1792 of 2225
  SHAP samples 1793-1920 of 2225
  SHAP samples 1921-2048 of 2225
  SHAP samples 2049-2176 of 2225
  SHAP samples 2177-2225 of 2225
RIFAMPICIN lineage 2: interpreting /project/pi_annagreen_umass_edu/saishradha/Data-Curation-for-MTB/dna-tasks/SD-CNN/model_training/training_output/lineage_aware_split/RIFAMPICIN/heldout_lineage_2/saved_model/sd-cnn_model_lineage_holdout.h5
  SHAP samples 1-128 of 2225
  SHAP samples 129-256 of 2225
  SHAP samples 257-384 of 2225
  SHAP samples 385-512 of 2225
