2026-09-02 14:30:53.927852: E tensorflow/compiler/xla/stream_executor/cuda/cuda_dnn.cc:9342] Unable to register cuDNN factory: Attempting to register factory for plugin cuDNN when one has already been registered
2026-09-02 14:30:53.927941: E tensorflow/compiler/xla/stream_executor/cuda/cuda_fft.cc:609] Unable to register cuFFT factory: Attempting to register factory for plugin cuFFT when one has already been registered
2026-09-02 14:30:53.927983: E tensorflow/compiler/xla/stream_executor/cuda/cuda_blas.cc:1518] Unable to register cuBLAS factory: Attempting to register factory for plugin cuBLAS when one has already been registered
2026-09-02 14:30:55.622252: W tensorflow/compiler/tf2tensorrt/utils/py_utils.cc:38] TF-TRT Warning: Could not find TensorRT
/project/pi_annagreen_umass_edu/saishradha/Data-Curation-for-MTB/dna-tasks/SD-CNN/interpretability/tb_cnn_codebase.py:130: FutureWarning: Downcasting behavior in `replace` is deprecated and will be removed in a future version. To retain the old behavior, explicitly call `result.infer_objects(copy=False)`. To opt-in to the future behavior, set `pd.set_option('future.no_silent_downcasting', True)`
  y_all = y_all_rs.replace(mapping)
2026-09-02 14:39:47.698220: E tensorflow/compiler/xla/stream_executor/cuda/cuda_dnn.cc:9342] Unable to register cuDNN factory: Attempting to register factory for plugin cuDNN when one has already been registered
2026-09-02 14:39:47.698299: E tensorflow/compiler/xla/stream_executor/cuda/cuda_fft.cc:609] Unable to register cuFFT factory: Attempting to register factory for plugin cuFFT when one has already been registered
2026-09-02 14:39:47.698339: E tensorflow/compiler/xla/stream_executor/cuda/cuda_blas.cc:1518] Unable to register cuBLAS factory: Attempting to register factory for plugin cuBLAS when one has already been registered
2026-09-02 14:39:49.525656: W tensorflow/compiler/tf2tensorrt/utils/py_utils.cc:38] TF-TRT Warning: Could not find TensorRT
/project/pi_annagreen_umass_edu/saishradha/Data-Curation-for-MTB/dna-tasks/SD-CNN/interpretability/tb_cnn_codebase.py:130: FutureWarning: Downcasting behavior in `replace` is deprecated and will be removed in a future version. To retain the old behavior, explicitly call `result.infer_objects(copy=False)`. To opt-in to the future behavior, set `pd.set_option('future.no_silent_downcasting', True)`
  y_all = y_all_rs.replace(mapping)
/work/pi_annagreen_umass_edu/saishradha/miniconda3/envs/cnn/lib/python3.9/site-packages/shap/explainers/_deep/deep_tf.py:99: UserWarning: Your TensorFlow version is newer than 2.4.0 and so graph support has been removed in eager mode and some static graphs may not be supported. See PR #1483 for discussion.
  warnings.warn("Your TensorFlow version is newer than 2.4.0 and so graph support has been removed in eager mode and some static graphs may not be supported. See PR #1483 for discussion.")
/work/pi_annagreen_umass_edu/saishradha/miniconda3/envs/cnn/lib/python3.9/site-packages/keras/src/backend.py:452: UserWarning: `tf.keras.backend.set_learning_phase` is deprecated and will be removed after 2020-10-11. To update it, simply pass a True/False value to the `training` argument of the `__call__` method of your layer or model.
  warnings.warn(
/work/pi_annagreen_umass_edu/saishradha/miniconda3/envs/cnn/lib/python3.9/site-packages/shap/explainers/_deep/deep_tf.py:99: UserWarning: Your TensorFlow version is newer than 2.4.0 and so graph support has been removed in eager mode and some static graphs may not be supported. See PR #1483 for discussion.
  warnings.warn("Your TensorFlow version is newer than 2.4.0 and so graph support has been removed in eager mode and some static graphs may not be supported. See PR #1483 for discussion.")
/work/pi_annagreen_umass_edu/saishradha/miniconda3/envs/cnn/lib/python3.9/site-packages/keras/src/backend.py:452: UserWarning: `tf.keras.backend.set_learning_phase` is deprecated and will be removed after 2020-10-11. To update it, simply pass a True/False value to the `training` argument of the `__call__` method of your layer or model.
  warnings.warn(
2026-09-02 14:48:52.306107: E tensorflow/compiler/xla/stream_executor/cuda/cuda_dnn.cc:9342] Unable to register cuDNN factory: Attempting to register factory for plugin cuDNN when one has already been registered
2026-09-02 14:48:52.306182: E tensorflow/compiler/xla/stream_executor/cuda/cuda_fft.cc:609] Unable to register cuFFT factory: Attempting to register factory for plugin cuFFT when one has already been registered
2026-09-02 14:48:52.306225: E tensorflow/compiler/xla/stream_executor/cuda/cuda_blas.cc:1518] Unable to register cuBLAS factory: Attempting to register factory for plugin cuBLAS when one has already been registered
2026-09-02 14:48:53.769232: W tensorflow/compiler/tf2tensorrt/utils/py_utils.cc:38] TF-TRT Warning: Could not find TensorRT
/project/pi_annagreen_umass_edu/saishradha/Data-Curation-for-MTB/dna-tasks/SD-CNN/interpretability/tb_cnn_codebase.py:130: FutureWarning: Downcasting behavior in `replace` is deprecated and will be removed in a future version. To retain the old behavior, explicitly call `result.infer_objects(copy=False)`. To opt-in to the future behavior, set `pd.set_option('future.no_silent_downcasting', True)`
  y_all = y_all_rs.replace(mapping)
/work/pi_annagreen_umass_edu/saishradha/miniconda3/envs/cnn/lib/python3.9/site-packages/shap/explainers/_deep/deep_tf.py:99: UserWarning: Your TensorFlow version is newer than 2.4.0 and so graph support has been removed in eager mode and some static graphs may not be supported. See PR #1483 for discussion.
  warnings.warn("Your TensorFlow version is newer than 2.4.0 and so graph support has been removed in eager mode and some static graphs may not be supported. See PR #1483 for discussion.")
/work/pi_annagreen_umass_edu/saishradha/miniconda3/envs/cnn/lib/python3.9/site-packages/keras/src/backend.py:452: UserWarning: `tf.keras.backend.set_learning_phase` is deprecated and will be removed after 2020-10-11. To update it, simply pass a True/False value to the `training` argument of the `__call__` method of your layer or model.
  warnings.warn(
/work/pi_annagreen_umass_edu/saishradha/miniconda3/envs/cnn/lib/python3.9/site-packages/shap/explainers/_deep/deep_tf.py:99: UserWarning: Your TensorFlow version is newer than 2.4.0 and so graph support has been removed in eager mode and some static graphs may not be supported. See PR #1483 for discussion.
  warnings.warn("Your TensorFlow version is newer than 2.4.0 and so graph support has been removed in eager mode and some static graphs may not be supported. See PR #1483 for discussion.")
/work/pi_annagreen_umass_edu/saishradha/miniconda3/envs/cnn/lib/python3.9/site-packages/keras/src/backend.py:452: UserWarning: `tf.keras.backend.set_learning_phase` is deprecated and will be removed after 2020-10-11. To update it, simply pass a True/False value to the `training` argument of the `__call__` method of your layer or model.
  warnings.warn(
/work/pi_annagreen_umass_edu/saishradha/miniconda3/envs/cnn/lib/python3.9/site-packages/shap/explainers/_deep/deep_tf.py:99: UserWarning: Your TensorFlow version is newer than 2.4.0 and so graph support has been removed in eager mode and some static graphs may not be supported. See PR #1483 for discussion.
  warnings.warn("Your TensorFlow version is newer than 2.4.0 and so graph support has been removed in eager mode and some static graphs may not be supported. See PR #1483 for discussion.")
/work/pi_annagreen_umass_edu/saishradha/miniconda3/envs/cnn/lib/python3.9/site-packages/keras/src/backend.py:452: UserWarning: `tf.keras.backend.set_learning_phase` is deprecated and will be removed after 2020-10-11. To update it, simply pass a True/False value to the `training` argument of the `__call__` method of your layer or model.
  warnings.warn(
/work/pi_annagreen_umass_edu/saishradha/miniconda3/envs/cnn/lib/python3.9/site-packages/shap/explainers/_deep/deep_tf.py:99: UserWarning: Your TensorFlow version is newer than 2.4.0 and so graph support has been removed in eager mode and some static graphs may not be supported. See PR #1483 for discussion.
  warnings.warn("Your TensorFlow version is newer than 2.4.0 and so graph support has been removed in eager mode and some static graphs may not be supported. See PR #1483 for discussion.")
/work/pi_annagreen_umass_edu/saishradha/miniconda3/envs/cnn/lib/python3.9/site-packages/keras/src/backend.py:452: UserWarning: `tf.keras.backend.set_learning_phase` is deprecated and will be removed after 2020-10-11. To update it, simply pass a True/False value to the `training` argument of the `__call__` method of your layer or model.
  warnings.warn(
2026-09-02 18:20:04.309240: E tensorflow/compiler/xla/stream_executor/cuda/cuda_dnn.cc:9342] Unable to register cuDNN factory: Attempting to register factory for plugin cuDNN when one has already been registered
2026-09-02 18:20:04.309313: E tensorflow/compiler/xla/stream_executor/cuda/cuda_fft.cc:609] Unable to register cuFFT factory: Attempting to register factory for plugin cuFFT when one has already been registered
2026-09-02 18:20:04.309350: E tensorflow/compiler/xla/stream_executor/cuda/cuda_blas.cc:1518] Unable to register cuBLAS factory: Attempting to register factory for plugin cuBLAS when one has already been registered
2026-09-02 18:20:06.058431: W tensorflow/compiler/tf2tensorrt/utils/py_utils.cc:38] TF-TRT Warning: Could not find TensorRT
/project/pi_annagreen_umass_edu/saishradha/Data-Curation-for-MTB/dna-tasks/SD-CNN/interpretability/tb_cnn_codebase.py:130: FutureWarning: Downcasting behavior in `replace` is deprecated and will be removed in a future version. To retain the old behavior, explicitly call `result.infer_objects(copy=False)`. To opt-in to the future behavior, set `pd.set_option('future.no_silent_downcasting', True)`
  y_all = y_all_rs.replace(mapping)
/work/pi_annagreen_umass_edu/saishradha/miniconda3/envs/cnn/lib/python3.9/site-packages/shap/explainers/_deep/deep_tf.py:99: UserWarning: Your TensorFlow version is newer than 2.4.0 and so graph support has been removed in eager mode and some static graphs may not be supported. See PR #1483 for discussion.
  warnings.warn("Your TensorFlow version is newer than 2.4.0 and so graph support has been removed in eager mode and some static graphs may not be supported. See PR #1483 for discussion.")
/work/pi_annagreen_umass_edu/saishradha/miniconda3/envs/cnn/lib/python3.9/site-packages/keras/src/backend.py:452: UserWarning: `tf.keras.backend.set_learning_phase` is deprecated and will be removed after 2020-10-11. To update it, simply pass a True/False value to the `training` argument of the `__call__` method of your layer or model.
  warnings.warn(
/work/pi_annagreen_umass_edu/saishradha/miniconda3/envs/cnn/lib/python3.9/site-packages/shap/explainers/_deep/deep_tf.py:99: UserWarning: Your TensorFlow version is newer than 2.4.0 and so graph support has been removed in eager mode and some static graphs may not be supported. See PR #1483 for discussion.
  warnings.warn("Your TensorFlow version is newer than 2.4.0 and so graph support has been removed in eager mode and some static graphs may not be supported. See PR #1483 for discussion.")
/work/pi_annagreen_umass_edu/saishradha/miniconda3/envs/cnn/lib/python3.9/site-packages/keras/src/backend.py:452: UserWarning: `tf.keras.backend.set_learning_phase` is deprecated and will be removed after 2020-10-11. To update it, simply pass a True/False value to the `training` argument of the `__call__` method of your layer or model.
  warnings.warn(
2026-09-02 18:28:14.413115: E tensorflow/compiler/xla/stream_executor/cuda/cuda_dnn.cc:9342] Unable to register cuDNN factory: Attempting to register factory for plugin cuDNN when one has already been registered
2026-09-02 18:28:14.413189: E tensorflow/compiler/xla/stream_executor/cuda/cuda_fft.cc:609] Unable to register cuFFT factory: Attempting to register factory for plugin cuFFT when one has already been registered
2026-09-02 18:28:14.413226: E tensorflow/compiler/xla/stream_executor/cuda/cuda_blas.cc:1518] Unable to register cuBLAS factory: Attempting to register factory for plugin cuBLAS when one has already been registered
2026-09-02 18:28:16.033514: W tensorflow/compiler/tf2tensorrt/utils/py_utils.cc:38] TF-TRT Warning: Could not find TensorRT
/project/pi_annagreen_umass_edu/saishradha/Data-Curation-for-MTB/dna-tasks/SD-CNN/interpretability/tb_cnn_codebase.py:130: FutureWarning: Downcasting behavior in `replace` is deprecated and will be removed in a future version. To retain the old behavior, explicitly call `result.infer_objects(copy=False)`. To opt-in to the future behavior, set `pd.set_option('future.no_silent_downcasting', True)`
  y_all = y_all_rs.replace(mapping)
/work/pi_annagreen_umass_edu/saishradha/miniconda3/envs/cnn/lib/python3.9/site-packages/shap/explainers/_deep/deep_tf.py:99: UserWarning: Your TensorFlow version is newer than 2.4.0 and so graph support has been removed in eager mode and some static graphs may not be supported. See PR #1483 for discussion.
  warnings.warn("Your TensorFlow version is newer than 2.4.0 and so graph support has been removed in eager mode and some static graphs may not be supported. See PR #1483 for discussion.")
/work/pi_annagreen_umass_edu/saishradha/miniconda3/envs/cnn/lib/python3.9/site-packages/keras/src/backend.py:452: UserWarning: `tf.keras.backend.set_learning_phase` is deprecated and will be removed after 2020-10-11. To update it, simply pass a True/False value to the `training` argument of the `__call__` method of your layer or model.
  warnings.warn(
/work/pi_annagreen_umass_edu/saishradha/miniconda3/envs/cnn/lib/python3.9/site-packages/shap/explainers/_deep/deep_tf.py:99: UserWarning: Your TensorFlow version is newer than 2.4.0 and so graph support has been removed in eager mode and some static graphs may not be supported. See PR #1483 for discussion.
  warnings.warn("Your TensorFlow version is newer than 2.4.0 and so graph support has been removed in eager mode and some static graphs may not be supported. See PR #1483 for discussion.")
/work/pi_annagreen_umass_edu/saishradha/miniconda3/envs/cnn/lib/python3.9/site-packages/keras/src/backend.py:452: UserWarning: `tf.keras.backend.set_learning_phase` is deprecated and will be removed after 2020-10-11. To update it, simply pass a True/False value to the `training` argument of the `__call__` method of your layer or model.
  warnings.warn(
/work/pi_annagreen_umass_edu/saishradha/miniconda3/envs/cnn/lib/python3.9/site-packages/shap/explainers/_deep/deep_tf.py:99: UserWarning: Your TensorFlow version is newer than 2.4.0 and so graph support has been removed in eager mode and some static graphs may not be supported. See PR #1483 for discussion.
  warnings.warn("Your TensorFlow version is newer than 2.4.0 and so graph support has been removed in eager mode and some static graphs may not be supported. See PR #1483 for discussion.")
/work/pi_annagreen_umass_edu/saishradha/miniconda3/envs/cnn/lib/python3.9/site-packages/keras/src/backend.py:452: UserWarning: `tf.keras.backend.set_learning_phase` is deprecated and will be removed after 2020-10-11. To update it, simply pass a True/False value to the `training` argument of the `__call__` method of your layer or model.
  warnings.warn(
/work/pi_annagreen_umass_edu/saishradha/miniconda3/envs/cnn/lib/python3.9/site-packages/shap/explainers/_deep/deep_tf.py:99: UserWarning: Your TensorFlow version is newer than 2.4.0 and so graph support has been removed in eager mode and some static graphs may not be supported. See PR #1483 for discussion.
  warnings.warn("Your TensorFlow version is newer than 2.4.0 and so graph support has been removed in eager mode and some static graphs may not be supported. See PR #1483 for discussion.")
/work/pi_annagreen_umass_edu/saishradha/miniconda3/envs/cnn/lib/python3.9/site-packages/keras/src/backend.py:452: UserWarning: `tf.keras.backend.set_learning_phase` is deprecated and will be removed after 2020-10-11. To update it, simply pass a True/False value to the `training` argument of the `__call__` method of your layer or model.
  warnings.warn(
2026-09-02 19:31:32.646425: E tensorflow/compiler/xla/stream_executor/cuda/cuda_dnn.cc:9342] Unable to register cuDNN factory: Attempting to register factory for plugin cuDNN when one has already been registered
2026-09-02 19:31:32.646511: E tensorflow/compiler/xla/stream_executor/cuda/cuda_fft.cc:609] Unable to register cuFFT factory: Attempting to register factory for plugin cuFFT when one has already been registered
2026-09-02 19:31:32.646550: E tensorflow/compiler/xla/stream_executor/cuda/cuda_blas.cc:1518] Unable to register cuBLAS factory: Attempting to register factory for plugin cuBLAS when one has already been registered
2026-09-02 19:31:34.135796: W tensorflow/compiler/tf2tensorrt/utils/py_utils.cc:38] TF-TRT Warning: Could not find TensorRT
/project/pi_annagreen_umass_edu/saishradha/Data-Curation-for-MTB/dna-tasks/SD-CNN/interpretability/tb_cnn_codebase.py:130: FutureWarning: Downcasting behavior in `replace` is deprecated and will be removed in a future version. To retain the old behavior, explicitly call `result.infer_objects(copy=False)`. To opt-in to the future behavior, set `pd.set_option('future.no_silent_downcasting', True)`
  y_all = y_all_rs.replace(mapping)
/work/pi_annagreen_umass_edu/saishradha/miniconda3/envs/cnn/lib/python3.9/site-packages/shap/explainers/_deep/deep_tf.py:99: UserWarning: Your TensorFlow version is newer than 2.4.0 and so graph support has been removed in eager mode and some static graphs may not be supported. See PR #1483 for discussion.
  warnings.warn("Your TensorFlow version is newer than 2.4.0 and so graph support has been removed in eager mode and some static graphs may not be supported. See PR #1483 for discussion.")
/work/pi_annagreen_umass_edu/saishradha/miniconda3/envs/cnn/lib/python3.9/site-packages/keras/src/backend.py:452: UserWarning: `tf.keras.backend.set_learning_phase` is deprecated and will be removed after 2020-10-11. To update it, simply pass a True/False value to the `training` argument of the `__call__` method of your layer or model.
  warnings.warn(
/work/pi_annagreen_umass_edu/saishradha/miniconda3/envs/cnn/lib/python3.9/site-packages/shap/explainers/_deep/deep_tf.py:99: UserWarning: Your TensorFlow version is newer than 2.4.0 and so graph support has been removed in eager mode and some static graphs may not be supported. See PR #1483 for discussion.
  warnings.warn("Your TensorFlow version is newer than 2.4.0 and so graph support has been removed in eager mode and some static graphs may not be supported. See PR #1483 for discussion.")
/work/pi_annagreen_umass_edu/saishradha/miniconda3/envs/cnn/lib/python3.9/site-packages/keras/src/backend.py:452: UserWarning: `tf.keras.backend.set_learning_phase` is deprecated and will be removed after 2020-10-11. To update it, simply pass a True/False value to the `training` argument of the `__call__` method of your layer or model.
  warnings.warn(
2026-09-02 19:35:16.215571: E tensorflow/compiler/xla/stream_executor/cuda/cuda_dnn.cc:9342] Unable to register cuDNN factory: Attempting to register factory for plugin cuDNN when one has already been registered
2026-09-02 19:35:16.215648: E tensorflow/compiler/xla/stream_executor/cuda/cuda_fft.cc:609] Unable to register cuFFT factory: Attempting to register factory for plugin cuFFT when one has already been registered
2026-09-02 19:35:16.215690: E tensorflow/compiler/xla/stream_executor/cuda/cuda_blas.cc:1518] Unable to register cuBLAS factory: Attempting to register factory for plugin cuBLAS when one has already been registered
2026-09-02 19:35:17.777268: W tensorflow/compiler/tf2tensorrt/utils/py_utils.cc:38] TF-TRT Warning: Could not find TensorRT
/project/pi_annagreen_umass_edu/saishradha/Data-Curation-for-MTB/dna-tasks/SD-CNN/interpretability/tb_cnn_codebase.py:130: FutureWarning: Downcasting behavior in `replace` is deprecated and will be removed in a future version. To retain the old behavior, explicitly call `result.infer_objects(copy=False)`. To opt-in to the future behavior, set `pd.set_option('future.no_silent_downcasting', True)`
  y_all = y_all_rs.replace(mapping)
/work/pi_annagreen_umass_edu/saishradha/miniconda3/envs/cnn/lib/python3.9/site-packages/shap/explainers/_deep/deep_tf.py:99: UserWarning: Your TensorFlow version is newer than 2.4.0 and so graph support has been removed in eager mode and some static graphs may not be supported. See PR #1483 for discussion.
  warnings.warn("Your TensorFlow version is newer than 2.4.0 and so graph support has been removed in eager mode and some static graphs may not be supported. See PR #1483 for discussion.")
/work/pi_annagreen_umass_edu/saishradha/miniconda3/envs/cnn/lib/python3.9/site-packages/keras/src/backend.py:452: UserWarning: `tf.keras.backend.set_learning_phase` is deprecated and will be removed after 2020-10-11. To update it, simply pass a True/False value to the `training` argument of the `__call__` method of your layer or model.
  warnings.warn(
/work/pi_annagreen_umass_edu/saishradha/miniconda3/envs/cnn/lib/python3.9/site-packages/shap/explainers/_deep/deep_tf.py:99: UserWarning: Your TensorFlow version is newer than 2.4.0 and so graph support has been removed in eager mode and some static graphs may not be supported. See PR #1483 for discussion.
  warnings.warn("Your TensorFlow version is newer than 2.4.0 and so graph support has been removed in eager mode and some static graphs may not be supported. See PR #1483 for discussion.")
/work/pi_annagreen_umass_edu/saishradha/miniconda3/envs/cnn/lib/python3.9/site-packages/keras/src/backend.py:452: UserWarning: `tf.keras.backend.set_learning_phase` is deprecated and will be removed after 2020-10-11. To update it, simply pass a True/False value to the `training` argument of the `__call__` method of your layer or model.
  warnings.warn(
2026-09-02 19:41:29.228782: E tensorflow/compiler/xla/stream_executor/cuda/cuda_dnn.cc:9342] Unable to register cuDNN factory: Attempting to register factory for plugin cuDNN when one has already been registered
2026-09-02 19:41:29.228857: E tensorflow/compiler/xla/stream_executor/cuda/cuda_fft.cc:609] Unable to register cuFFT factory: Attempting to register factory for plugin cuFFT when one has already been registered
2026-09-02 19:41:29.228895: E tensorflow/compiler/xla/stream_executor/cuda/cuda_blas.cc:1518] Unable to register cuBLAS factory: Attempting to register factory for plugin cuBLAS when one has already been registered
2026-09-02 19:41:30.718872: W tensorflow/compiler/tf2tensorrt/utils/py_utils.cc:38] TF-TRT Warning: Could not find TensorRT
/project/pi_annagreen_umass_edu/saishradha/Data-Curation-for-MTB/dna-tasks/SD-CNN/interpretability/tb_cnn_codebase.py:130: FutureWarning: Downcasting behavior in `replace` is deprecated and will be removed in a future version. To retain the old behavior, explicitly call `result.infer_objects(copy=False)`. To opt-in to the future behavior, set `pd.set_option('future.no_silent_downcasting', True)`
  y_all = y_all_rs.replace(mapping)
/work/pi_annagreen_umass_edu/saishradha/miniconda3/envs/cnn/lib/python3.9/site-packages/shap/explainers/_deep/deep_tf.py:99: UserWarning: Your TensorFlow version is newer than 2.4.0 and so graph support has been removed in eager mode and some static graphs may not be supported. See PR #1483 for discussion.
  warnings.warn("Your TensorFlow version is newer than 2.4.0 and so graph support has been removed in eager mode and some static graphs may not be supported. See PR #1483 for discussion.")
/work/pi_annagreen_umass_edu/saishradha/miniconda3/envs/cnn/lib/python3.9/site-packages/keras/src/backend.py:452: UserWarning: `tf.keras.backend.set_learning_phase` is deprecated and will be removed after 2020-10-11. To update it, simply pass a True/False value to the `training` argument of the `__call__` method of your layer or model.
  warnings.warn(
/work/pi_annagreen_umass_edu/saishradha/miniconda3/envs/cnn/lib/python3.9/site-packages/shap/explainers/_deep/deep_tf.py:99: UserWarning: Your TensorFlow version is newer than 2.4.0 and so graph support has been removed in eager mode and some static graphs may not be supported. See PR #1483 for discussion.
  warnings.warn("Your TensorFlow version is newer than 2.4.0 and so graph support has been removed in eager mode and some static graphs may not be supported. See PR #1483 for discussion.")
/work/pi_annagreen_umass_edu/saishradha/miniconda3/envs/cnn/lib/python3.9/site-packages/keras/src/backend.py:452: UserWarning: `tf.keras.backend.set_learning_phase` is deprecated and will be removed after 2020-10-11. To update it, simply pass a True/False value to the `training` argument of the `__call__` method of your layer or model.
  warnings.warn(
/work/pi_annagreen_umass_edu/saishradha/miniconda3/envs/cnn/lib/python3.9/site-packages/shap/explainers/_deep/deep_tf.py:99: UserWarning: Your TensorFlow version is newer than 2.4.0 and so graph support has been removed in eager mode and some static graphs may not be supported. See PR #1483 for discussion.
  warnings.warn("Your TensorFlow version is newer than 2.4.0 and so graph support has been removed in eager mode and some static graphs may not be supported. See PR #1483 for discussion.")
/work/pi_annagreen_umass_edu/saishradha/miniconda3/envs/cnn/lib/python3.9/site-packages/keras/src/backend.py:452: UserWarning: `tf.keras.backend.set_learning_phase` is deprecated and will be removed after 2020-10-11. To update it, simply pass a True/False value to the `training` argument of the `__call__` method of your layer or model.
  warnings.warn(
/work/pi_annagreen_umass_edu/saishradha/miniconda3/envs/cnn/lib/python3.9/site-packages/shap/explainers/_deep/deep_tf.py:99: UserWarning: Your TensorFlow version is newer than 2.4.0 and so graph support has been removed in eager mode and some static graphs may not be supported. See PR #1483 for discussion.
  warnings.warn("Your TensorFlow version is newer than 2.4.0 and so graph support has been removed in eager mode and some static graphs may not be supported. See PR #1483 for discussion.")
/work/pi_annagreen_umass_edu/saishradha/miniconda3/envs/cnn/lib/python3.9/site-packages/keras/src/backend.py:452: UserWarning: `tf.keras.backend.set_learning_phase` is deprecated and will be removed after 2020-10-11. To update it, simply pass a True/False value to the `training` argument of the `__call__` method of your layer or model.
  warnings.warn(
2026-09-02 19:59:13.213519: E tensorflow/compiler/xla/stream_executor/cuda/cuda_dnn.cc:9342] Unable to register cuDNN factory: Attempting to register factory for plugin cuDNN when one has already been registered
2026-09-02 19:59:13.213594: E tensorflow/compiler/xla/stream_executor/cuda/cuda_fft.cc:609] Unable to register cuFFT factory: Attempting to register factory for plugin cuFFT when one has already been registered
2026-09-02 19:59:13.213636: E tensorflow/compiler/xla/stream_executor/cuda/cuda_blas.cc:1518] Unable to register cuBLAS factory: Attempting to register factory for plugin cuBLAS when one has already been registered
2026-09-02 19:59:14.730093: W tensorflow/compiler/tf2tensorrt/utils/py_utils.cc:38] TF-TRT Warning: Could not find TensorRT
/project/pi_annagreen_umass_edu/saishradha/Data-Curation-for-MTB/dna-tasks/SD-CNN/interpretability/tb_cnn_codebase.py:130: FutureWarning: Downcasting behavior in `replace` is deprecated and will be removed in a future version. To retain the old behavior, explicitly call `result.infer_objects(copy=False)`. To opt-in to the future behavior, set `pd.set_option('future.no_silent_downcasting', True)`
  y_all = y_all_rs.replace(mapping)
/work/pi_annagreen_umass_edu/saishradha/miniconda3/envs/cnn/lib/python3.9/site-packages/shap/explainers/_deep/deep_tf.py:99: UserWarning: Your TensorFlow version is newer than 2.4.0 and so graph support has been removed in eager mode and some static graphs may not be supported. See PR #1483 for discussion.
  warnings.warn("Your TensorFlow version is newer than 2.4.0 and so graph support has been removed in eager mode and some static graphs may not be supported. See PR #1483 for discussion.")
/work/pi_annagreen_umass_edu/saishradha/miniconda3/envs/cnn/lib/python3.9/site-packages/keras/src/backend.py:452: UserWarning: `tf.keras.backend.set_learning_phase` is deprecated and will be removed after 2020-10-11. To update it, simply pass a True/False value to the `training` argument of the `__call__` method of your layer or model.
  warnings.warn(
/work/pi_annagreen_umass_edu/saishradha/miniconda3/envs/cnn/lib/python3.9/site-packages/shap/explainers/_deep/deep_tf.py:99: UserWarning: Your TensorFlow version is newer than 2.4.0 and so graph support has been removed in eager mode and some static graphs may not be supported. See PR #1483 for discussion.
  warnings.warn("Your TensorFlow version is newer than 2.4.0 and so graph support has been removed in eager mode and some static graphs may not be supported. See PR #1483 for discussion.")
/work/pi_annagreen_umass_edu/saishradha/miniconda3/envs/cnn/lib/python3.9/site-packages/keras/src/backend.py:452: UserWarning: `tf.keras.backend.set_learning_phase` is deprecated and will be removed after 2020-10-11. To update it, simply pass a True/False value to the `training` argument of the `__call__` method of your layer or model.
  warnings.warn(
[2026-09-02T21:15:21.125] error: *** JOB 63923168 ON cpu040 CANCELLED AT 2026-09-02T21:15:21 DUE to SIGNAL Terminated ***
