2026-09-02 13:36:44.248699: E tensorflow/compiler/xla/stream_executor/cuda/cuda_dnn.cc:9342] Unable to register cuDNN factory: Attempting to register factory for plugin cuDNN when one has already been registered
2026-09-02 13:36:44.248776: E tensorflow/compiler/xla/stream_executor/cuda/cuda_fft.cc:609] Unable to register cuFFT factory: Attempting to register factory for plugin cuFFT when one has already been registered
2026-09-02 13:36:44.248833: E tensorflow/compiler/xla/stream_executor/cuda/cuda_blas.cc:1518] Unable to register cuBLAS factory: Attempting to register factory for plugin cuBLAS when one has already been registered
2026-09-02 13:36:46.726286: W tensorflow/compiler/tf2tensorrt/utils/py_utils.cc:38] TF-TRT Warning: Could not find TensorRT
Traceback (most recent call last):
  File "/project/pi_annagreen_umass_edu/saishradha/Data-Curation-for-MTB/dna-tasks/SD-CNN/interpretability/lineage_aware_split/run_interpret_lineage_aware.py", line 613, in <module>
    main()
  File "/project/pi_annagreen_umass_edu/saishradha/Data-Curation-for-MTB/dna-tasks/SD-CNN/interpretability/lineage_aware_split/run_interpret_lineage_aware.py", line 609, in main
    run(load_config(args.parameter_file, args.drug), force=args.force)
  File "/project/pi_annagreen_umass_edu/saishradha/Data-Curation-for-MTB/dna-tasks/SD-CNN/interpretability/lineage_aware_split/run_interpret_lineage_aware.py", line 539, in run
    training_config_path = find_training_config(config["training_config_dir"], drug)
  File "/project/pi_annagreen_umass_edu/saishradha/Data-Curation-for-MTB/dna-tasks/SD-CNN/interpretability/lineage_aware_split/run_interpret_lineage_aware.py", line 197, in find_training_config
    raise ValueError(
ValueError: Expected one lineage training config for AMIKACIN, found []
2026-09-02 13:36:55.372637: E tensorflow/compiler/xla/stream_executor/cuda/cuda_dnn.cc:9342] Unable to register cuDNN factory: Attempting to register factory for plugin cuDNN when one has already been registered
2026-09-02 13:36:55.372701: E tensorflow/compiler/xla/stream_executor/cuda/cuda_fft.cc:609] Unable to register cuFFT factory: Attempting to register factory for plugin cuFFT when one has already been registered
2026-09-02 13:36:55.372745: E tensorflow/compiler/xla/stream_executor/cuda/cuda_blas.cc:1518] Unable to register cuBLAS factory: Attempting to register factory for plugin cuBLAS when one has already been registered
2026-09-02 13:36:57.124592: W tensorflow/compiler/tf2tensorrt/utils/py_utils.cc:38] TF-TRT Warning: Could not find TensorRT
Traceback (most recent call last):
  File "/project/pi_annagreen_umass_edu/saishradha/Data-Curation-for-MTB/dna-tasks/SD-CNN/interpretability/lineage_aware_split/run_interpret_lineage_aware.py", line 613, in <module>
    main()
  File "/project/pi_annagreen_umass_edu/saishradha/Data-Curation-for-MTB/dna-tasks/SD-CNN/interpretability/lineage_aware_split/run_interpret_lineage_aware.py", line 609, in main
    run(load_config(args.parameter_file, args.drug), force=args.force)
  File "/project/pi_annagreen_umass_edu/saishradha/Data-Curation-for-MTB/dna-tasks/SD-CNN/interpretability/lineage_aware_split/run_interpret_lineage_aware.py", line 539, in run
    training_config_path = find_training_config(config["training_config_dir"], drug)
  File "/project/pi_annagreen_umass_edu/saishradha/Data-Curation-for-MTB/dna-tasks/SD-CNN/interpretability/lineage_aware_split/run_interpret_lineage_aware.py", line 197, in find_training_config
    raise ValueError(
ValueError: Expected one lineage training config for CAPREOMYCIN, found []
2026-09-02 13:37:02.722625: E tensorflow/compiler/xla/stream_executor/cuda/cuda_dnn.cc:9342] Unable to register cuDNN factory: Attempting to register factory for plugin cuDNN when one has already been registered
2026-09-02 13:37:02.722713: E tensorflow/compiler/xla/stream_executor/cuda/cuda_fft.cc:609] Unable to register cuFFT factory: Attempting to register factory for plugin cuFFT when one has already been registered
2026-09-02 13:37:02.722759: E tensorflow/compiler/xla/stream_executor/cuda/cuda_blas.cc:1518] Unable to register cuBLAS factory: Attempting to register factory for plugin cuBLAS when one has already been registered
2026-09-02 13:37:04.199220: W tensorflow/compiler/tf2tensorrt/utils/py_utils.cc:38] TF-TRT Warning: Could not find TensorRT
Traceback (most recent call last):
  File "/project/pi_annagreen_umass_edu/saishradha/Data-Curation-for-MTB/dna-tasks/SD-CNN/interpretability/lineage_aware_split/run_interpret_lineage_aware.py", line 613, in <module>
    main()
  File "/project/pi_annagreen_umass_edu/saishradha/Data-Curation-for-MTB/dna-tasks/SD-CNN/interpretability/lineage_aware_split/run_interpret_lineage_aware.py", line 609, in main
    run(load_config(args.parameter_file, args.drug), force=args.force)
  File "/project/pi_annagreen_umass_edu/saishradha/Data-Curation-for-MTB/dna-tasks/SD-CNN/interpretability/lineage_aware_split/run_interpret_lineage_aware.py", line 539, in run
    training_config_path = find_training_config(config["training_config_dir"], drug)
  File "/project/pi_annagreen_umass_edu/saishradha/Data-Curation-for-MTB/dna-tasks/SD-CNN/interpretability/lineage_aware_split/run_interpret_lineage_aware.py", line 197, in find_training_config
    raise ValueError(
ValueError: Expected one lineage training config for ETHAMBUTOL, found []
2026-09-02 13:37:10.726114: E tensorflow/compiler/xla/stream_executor/cuda/cuda_dnn.cc:9342] Unable to register cuDNN factory: Attempting to register factory for plugin cuDNN when one has already been registered
2026-09-02 13:37:10.726175: E tensorflow/compiler/xla/stream_executor/cuda/cuda_fft.cc:609] Unable to register cuFFT factory: Attempting to register factory for plugin cuFFT when one has already been registered
2026-09-02 13:37:10.726224: E tensorflow/compiler/xla/stream_executor/cuda/cuda_blas.cc:1518] Unable to register cuBLAS factory: Attempting to register factory for plugin cuBLAS when one has already been registered
2026-09-02 13:37:12.493996: W tensorflow/compiler/tf2tensorrt/utils/py_utils.cc:38] TF-TRT Warning: Could not find TensorRT
Traceback (most recent call last):
  File "/project/pi_annagreen_umass_edu/saishradha/Data-Curation-for-MTB/dna-tasks/SD-CNN/interpretability/lineage_aware_split/run_interpret_lineage_aware.py", line 613, in <module>
    main()
  File "/project/pi_annagreen_umass_edu/saishradha/Data-Curation-for-MTB/dna-tasks/SD-CNN/interpretability/lineage_aware_split/run_interpret_lineage_aware.py", line 609, in main
    run(load_config(args.parameter_file, args.drug), force=args.force)
  File "/project/pi_annagreen_umass_edu/saishradha/Data-Curation-for-MTB/dna-tasks/SD-CNN/interpretability/lineage_aware_split/run_interpret_lineage_aware.py", line 539, in run
    training_config_path = find_training_config(config["training_config_dir"], drug)
  File "/project/pi_annagreen_umass_edu/saishradha/Data-Curation-for-MTB/dna-tasks/SD-CNN/interpretability/lineage_aware_split/run_interpret_lineage_aware.py", line 197, in find_training_config
    raise ValueError(
ValueError: Expected one lineage training config for ETHIONAMIDE, found []
2026-09-02 13:37:18.139897: E tensorflow/compiler/xla/stream_executor/cuda/cuda_dnn.cc:9342] Unable to register cuDNN factory: Attempting to register factory for plugin cuDNN when one has already been registered
2026-09-02 13:37:18.139964: E tensorflow/compiler/xla/stream_executor/cuda/cuda_fft.cc:609] Unable to register cuFFT factory: Attempting to register factory for plugin cuFFT when one has already been registered
2026-09-02 13:37:18.140010: E tensorflow/compiler/xla/stream_executor/cuda/cuda_blas.cc:1518] Unable to register cuBLAS factory: Attempting to register factory for plugin cuBLAS when one has already been registered
2026-09-02 13:37:19.563438: W tensorflow/compiler/tf2tensorrt/utils/py_utils.cc:38] TF-TRT Warning: Could not find TensorRT
Traceback (most recent call last):
  File "/project/pi_annagreen_umass_edu/saishradha/Data-Curation-for-MTB/dna-tasks/SD-CNN/interpretability/lineage_aware_split/run_interpret_lineage_aware.py", line 613, in <module>
    main()
  File "/project/pi_annagreen_umass_edu/saishradha/Data-Curation-for-MTB/dna-tasks/SD-CNN/interpretability/lineage_aware_split/run_interpret_lineage_aware.py", line 609, in main
    run(load_config(args.parameter_file, args.drug), force=args.force)
  File "/project/pi_annagreen_umass_edu/saishradha/Data-Curation-for-MTB/dna-tasks/SD-CNN/interpretability/lineage_aware_split/run_interpret_lineage_aware.py", line 539, in run
    training_config_path = find_training_config(config["training_config_dir"], drug)
  File "/project/pi_annagreen_umass_edu/saishradha/Data-Curation-for-MTB/dna-tasks/SD-CNN/interpretability/lineage_aware_split/run_interpret_lineage_aware.py", line 197, in find_training_config
    raise ValueError(
ValueError: Expected one lineage training config for ISONIAZID, found []
2026-09-02 13:37:24.943638: E tensorflow/compiler/xla/stream_executor/cuda/cuda_dnn.cc:9342] Unable to register cuDNN factory: Attempting to register factory for plugin cuDNN when one has already been registered
2026-09-02 13:37:24.943747: E tensorflow/compiler/xla/stream_executor/cuda/cuda_fft.cc:609] Unable to register cuFFT factory: Attempting to register factory for plugin cuFFT when one has already been registered
2026-09-02 13:37:24.943798: E tensorflow/compiler/xla/stream_executor/cuda/cuda_blas.cc:1518] Unable to register cuBLAS factory: Attempting to register factory for plugin cuBLAS when one has already been registered
2026-09-02 13:37:26.488720: W tensorflow/compiler/tf2tensorrt/utils/py_utils.cc:38] TF-TRT Warning: Could not find TensorRT
Traceback (most recent call last):
  File "/project/pi_annagreen_umass_edu/saishradha/Data-Curation-for-MTB/dna-tasks/SD-CNN/interpretability/lineage_aware_split/run_interpret_lineage_aware.py", line 613, in <module>
    main()
  File "/project/pi_annagreen_umass_edu/saishradha/Data-Curation-for-MTB/dna-tasks/SD-CNN/interpretability/lineage_aware_split/run_interpret_lineage_aware.py", line 609, in main
    run(load_config(args.parameter_file, args.drug), force=args.force)
  File "/project/pi_annagreen_umass_edu/saishradha/Data-Curation-for-MTB/dna-tasks/SD-CNN/interpretability/lineage_aware_split/run_interpret_lineage_aware.py", line 539, in run
    training_config_path = find_training_config(config["training_config_dir"], drug)
  File "/project/pi_annagreen_umass_edu/saishradha/Data-Curation-for-MTB/dna-tasks/SD-CNN/interpretability/lineage_aware_split/run_interpret_lineage_aware.py", line 197, in find_training_config
    raise ValueError(
ValueError: Expected one lineage training config for KANAMYCIN, found []
2026-09-02 13:37:31.648092: E tensorflow/compiler/xla/stream_executor/cuda/cuda_dnn.cc:9342] Unable to register cuDNN factory: Attempting to register factory for plugin cuDNN when one has already been registered
2026-09-02 13:37:31.648149: E tensorflow/compiler/xla/stream_executor/cuda/cuda_fft.cc:609] Unable to register cuFFT factory: Attempting to register factory for plugin cuFFT when one has already been registered
2026-09-02 13:37:31.648192: E tensorflow/compiler/xla/stream_executor/cuda/cuda_blas.cc:1518] Unable to register cuBLAS factory: Attempting to register factory for plugin cuBLAS when one has already been registered
2026-09-02 13:37:33.046873: W tensorflow/compiler/tf2tensorrt/utils/py_utils.cc:38] TF-TRT Warning: Could not find TensorRT
Traceback (most recent call last):
  File "/project/pi_annagreen_umass_edu/saishradha/Data-Curation-for-MTB/dna-tasks/SD-CNN/interpretability/lineage_aware_split/run_interpret_lineage_aware.py", line 613, in <module>
    main()
  File "/project/pi_annagreen_umass_edu/saishradha/Data-Curation-for-MTB/dna-tasks/SD-CNN/interpretability/lineage_aware_split/run_interpret_lineage_aware.py", line 609, in main
    run(load_config(args.parameter_file, args.drug), force=args.force)
  File "/project/pi_annagreen_umass_edu/saishradha/Data-Curation-for-MTB/dna-tasks/SD-CNN/interpretability/lineage_aware_split/run_interpret_lineage_aware.py", line 539, in run
    training_config_path = find_training_config(config["training_config_dir"], drug)
  File "/project/pi_annagreen_umass_edu/saishradha/Data-Curation-for-MTB/dna-tasks/SD-CNN/interpretability/lineage_aware_split/run_interpret_lineage_aware.py", line 197, in find_training_config
    raise ValueError(
ValueError: Expected one lineage training config for MOXIFLOXACIN, found []
2026-09-02 13:37:39.398147: E tensorflow/compiler/xla/stream_executor/cuda/cuda_dnn.cc:9342] Unable to register cuDNN factory: Attempting to register factory for plugin cuDNN when one has already been registered
2026-09-02 13:37:39.398198: E tensorflow/compiler/xla/stream_executor/cuda/cuda_fft.cc:609] Unable to register cuFFT factory: Attempting to register factory for plugin cuFFT when one has already been registered
2026-09-02 13:37:39.398240: E tensorflow/compiler/xla/stream_executor/cuda/cuda_blas.cc:1518] Unable to register cuBLAS factory: Attempting to register factory for plugin cuBLAS when one has already been registered
2026-09-02 13:37:41.113755: W tensorflow/compiler/tf2tensorrt/utils/py_utils.cc:38] TF-TRT Warning: Could not find TensorRT
Traceback (most recent call last):
  File "/project/pi_annagreen_umass_edu/saishradha/Data-Curation-for-MTB/dna-tasks/SD-CNN/interpretability/lineage_aware_split/run_interpret_lineage_aware.py", line 613, in <module>
    main()
  File "/project/pi_annagreen_umass_edu/saishradha/Data-Curation-for-MTB/dna-tasks/SD-CNN/interpretability/lineage_aware_split/run_interpret_lineage_aware.py", line 609, in main
    run(load_config(args.parameter_file, args.drug), force=args.force)
  File "/project/pi_annagreen_umass_edu/saishradha/Data-Curation-for-MTB/dna-tasks/SD-CNN/interpretability/lineage_aware_split/run_interpret_lineage_aware.py", line 539, in run
    training_config_path = find_training_config(config["training_config_dir"], drug)
  File "/project/pi_annagreen_umass_edu/saishradha/Data-Curation-for-MTB/dna-tasks/SD-CNN/interpretability/lineage_aware_split/run_interpret_lineage_aware.py", line 197, in find_training_config
    raise ValueError(
ValueError: Expected one lineage training config for PYRAZINAMIDE, found []
2026-09-02 13:37:46.714667: E tensorflow/compiler/xla/stream_executor/cuda/cuda_dnn.cc:9342] Unable to register cuDNN factory: Attempting to register factory for plugin cuDNN when one has already been registered
2026-09-02 13:37:46.714719: E tensorflow/compiler/xla/stream_executor/cuda/cuda_fft.cc:609] Unable to register cuFFT factory: Attempting to register factory for plugin cuFFT when one has already been registered
2026-09-02 13:37:46.714760: E tensorflow/compiler/xla/stream_executor/cuda/cuda_blas.cc:1518] Unable to register cuBLAS factory: Attempting to register factory for plugin cuBLAS when one has already been registered
2026-09-02 13:37:48.150757: W tensorflow/compiler/tf2tensorrt/utils/py_utils.cc:38] TF-TRT Warning: Could not find TensorRT
Traceback (most recent call last):
  File "/project/pi_annagreen_umass_edu/saishradha/Data-Curation-for-MTB/dna-tasks/SD-CNN/interpretability/lineage_aware_split/run_interpret_lineage_aware.py", line 613, in <module>
    main()
  File "/project/pi_annagreen_umass_edu/saishradha/Data-Curation-for-MTB/dna-tasks/SD-CNN/interpretability/lineage_aware_split/run_interpret_lineage_aware.py", line 609, in main
    run(load_config(args.parameter_file, args.drug), force=args.force)
  File "/project/pi_annagreen_umass_edu/saishradha/Data-Curation-for-MTB/dna-tasks/SD-CNN/interpretability/lineage_aware_split/run_interpret_lineage_aware.py", line 539, in run
    training_config_path = find_training_config(config["training_config_dir"], drug)
  File "/project/pi_annagreen_umass_edu/saishradha/Data-Curation-for-MTB/dna-tasks/SD-CNN/interpretability/lineage_aware_split/run_interpret_lineage_aware.py", line 197, in find_training_config
    raise ValueError(
ValueError: Expected one lineage training config for RIFAMPICIN, found []
2026-09-02 13:37:53.407230: E tensorflow/compiler/xla/stream_executor/cuda/cuda_dnn.cc:9342] Unable to register cuDNN factory: Attempting to register factory for plugin cuDNN when one has already been registered
2026-09-02 13:37:53.407303: E tensorflow/compiler/xla/stream_executor/cuda/cuda_fft.cc:609] Unable to register cuFFT factory: Attempting to register factory for plugin cuFFT when one has already been registered
2026-09-02 13:37:53.407351: E tensorflow/compiler/xla/stream_executor/cuda/cuda_blas.cc:1518] Unable to register cuBLAS factory: Attempting to register factory for plugin cuBLAS when one has already been registered
2026-09-02 13:37:54.802315: W tensorflow/compiler/tf2tensorrt/utils/py_utils.cc:38] TF-TRT Warning: Could not find TensorRT
Traceback (most recent call last):
  File "/project/pi_annagreen_umass_edu/saishradha/Data-Curation-for-MTB/dna-tasks/SD-CNN/interpretability/lineage_aware_split/run_interpret_lineage_aware.py", line 613, in <module>
    main()
  File "/project/pi_annagreen_umass_edu/saishradha/Data-Curation-for-MTB/dna-tasks/SD-CNN/interpretability/lineage_aware_split/run_interpret_lineage_aware.py", line 609, in main
    run(load_config(args.parameter_file, args.drug), force=args.force)
  File "/project/pi_annagreen_umass_edu/saishradha/Data-Curation-for-MTB/dna-tasks/SD-CNN/interpretability/lineage_aware_split/run_interpret_lineage_aware.py", line 539, in run
    training_config_path = find_training_config(config["training_config_dir"], drug)
  File "/project/pi_annagreen_umass_edu/saishradha/Data-Curation-for-MTB/dna-tasks/SD-CNN/interpretability/lineage_aware_split/run_interpret_lineage_aware.py", line 197, in find_training_config
    raise ValueError(
ValueError: Expected one lineage training config for STREPTOMYCIN, found []
Failed drugs: AMIKACIN CAPREOMYCIN ETHAMBUTOL ETHIONAMIDE ISONIAZID KANAMYCIN MOXIFLOXACIN PYRAZINAMIDE RIFAMPICIN STREPTOMYCIN
